-
.
0
1994
11
15
12
45

-
..
0
1994
11
15
12
45

-
.welcome
0
1994
11
15
12
45

-
readme
0
1994
11
15
12
45
