-
.
0
1994
11
15
12
45

-
..
0
1994
11
15
12
45

-
Multi Word File Name.txt
0
1994
11
15
12
45
